[INFO] Scanning for projects...
[INFO] 
[INFO] --------------------------< com.example:QLNS >--------------------------
[INFO] Building QLNS 0.0.1-SNAPSHOT
[INFO]   from pom.xml
[INFO] --------------------------------[ jar ]---------------------------------
[INFO] 
[INFO] --- resources:3.3.1:resources (default-resources) @ QLNS ---
[INFO] Copying 1 resource from src\main\resources to target\classes
[INFO] Copying 0 resource from src\main\resources to target\classes
[INFO] 
[INFO] --- compiler:3.14.1:compile (default-compile) @ QLNS ---
[INFO] Recompiling the module because of changed source code.
[INFO] Compiling 126 source files with javac [debug parameters release 17] to target\classes
[INFO] /C:/Users/keduy/Desktop/QLNS_all/QLNS_backend/src/main/java/com/example/qlns/Security/JwtService.java: C:\Users\keduy\Desktop\QLNS_all\QLNS_backend\src\main\java\com\example\qlns\Security\JwtService.java uses or overrides a deprecated API.
[INFO] /C:/Users/keduy/Desktop/QLNS_all/QLNS_backend/src/main/java/com/example/qlns/Security/JwtService.java: Recompile with -Xlint:deprecation for details.
[INFO] -------------------------------------------------------------
[ERROR] COMPILATION ERROR : 
[INFO] -------------------------------------------------------------
[ERROR] /C:/Users/keduy/Desktop/QLNS_all/QLNS_backend/src/main/java/com/example/qlns/Service/RequestService.java:[304,55] cannot find symbol
  symbol:   variable PRESENT
  location: class com.example.qlns.Enum.AttendanceStatus
[INFO] 1 error
[INFO] -------------------------------------------------------------
[INFO] ------------------------------------------------------------------------
[INFO] BUILD FAILURE
[INFO] ------------------------------------------------------------------------
[INFO] Total time:  3.391 s
[INFO] Finished at: 2026-03-27T15:47:40+07:00
[INFO] ------------------------------------------------------------------------
[ERROR] Failed to execute goal org.apache.maven.plugins:maven-compiler-plugin:3.14.1:compile (default-compile) on project QLNS: Compilation failure
[ERROR] /C:/Users/keduy/Desktop/QLNS_all/QLNS_backend/src/main/java/com/example/qlns/Service/RequestService.java:[304,55] cannot find symbol
[ERROR]   symbol:   variable PRESENT
[ERROR]   location: class com.example.qlns.Enum.AttendanceStatus
[ERROR] 
[ERROR] -> [Help 1]
[ERROR] 
[ERROR] To see the full stack trace of the errors, re-run Maven with the -e switch.
[ERROR] Re-run Maven using the -X switch to enable full debug logging.
[ERROR] 
[ERROR] For more information about the errors and possible solutions, please read the following articles:
[ERROR] [Help 1] http://cwiki.apache.org/confluence/display/MAVEN/MojoFailureException
